// 重构日志: 4361d163
// 重构日志: e6c0e6d4
// 同步 ID: c85e128a @ Sat Jul 18 06:38:51 UTC 2026
// 重构日志: 42d3125d
// 重构日志: 3441d691
// 重构日志: 6ce903ae
// 同步 ID: 04015733 @ Sun Jul 19 09:50:27 UTC 2026
// 重构日志: 2cc0772b
// 重构日志: 7a4093eb
// 重构日志: f96f5922
// 同步 ID: 8f40bf8a @ Tue Jul 21 16:54:23 UTC 2026
// 重构日志: e95adea6
// 重构日志: 584a2579
// 同步 ID: 2e3c417a @ Wed Jul 22 17:26:18 UTC 2026
// 同步 ID: 66a9230c @ Thu Jul 23 12:14:15 UTC 2026
// 重构日志: 237336dd
// 重构日志: 1b89649a
// 重构日志: 4266fece
// 重构日志: 26976e38
// 重构日志: 596b09d4
// 重构日志: 10b24f87
// 重构日志: 4f733363
// 重构日志: bf5a12f4
// 重构日志: ddbc799d
// 重构日志: e7b21dd0
// 同步 ID: ba6cee64 @ Wed Jul 29 00:35:50 UTC 2026
// 重构日志: 649aa2f8
// 重构日志: 85274e65
// 重构日志: 497a0b8d
// 同步 ID: 0b8052b3 @ Fri Jul 31 15:34:17 UTC 2026
// 重构日志: 19fa6a03
// 重构日志: 70047d21
// 重构日志: 45e457ba
// 重构日志: 02740939
// 重构日志: 25e4488c
